
> frontend@0.0.0 build
> tsc -b && vite build

src/components/DashboardView.tsx(44,21): error TS6133: 'setOrderData' is declared but its value is never read.
src/components/DashboardView.tsx(137,138): error TS2769: No overload matches this call.
  Overload 1 of 2, '(props: Props<{ orders: any; } & { orders: any; } & { orders: any; }, any>): ReactElement<unknown, string | JSXElementConstructor<any>>', gave the following error.
    Object literal may only specify known properties, and 'glow' does not exist in type '((props: ActiveDotProps) => ReactNode) | Partial<ActiveDotProps> | ReactElement<SVGProps<SVGElement>, string | JSXElementConstructor<...>>'.
  Overload 2 of 2, '(props: Props<any, any>): ReactElement<unknown, string | JSXElementConstructor<any>>', gave the following error.
    Object literal may only specify known properties, and 'glow' does not exist in type '((props: ActiveDotProps) => ReactNode) | Partial<ActiveDotProps> | ReactElement<SVGProps<SVGElement>, string | JSXElementConstructor<...>>'.
src/components/InvoicesView.tsx(108,24): error TS2322: Type '(value: number) => string' is not assignable to type 'Formatter<ValueType, NameType> & ((value: ValueType, name: NameType, item: TooltipPayloadEntry, index: number, payload: TooltipPayload) => ReactNode | [...])'.
  Type '(value: number) => string' is not assignable to type 'Formatter<ValueType, NameType>'.
    Types of parameters 'value' and 'value' are incompatible.
      Type 'ValueType | undefined' is not assignable to type 'number'.
        Type 'undefined' is not assignable to type 'number'.
